mads 2.0.6 build 58 (28 Jan 17)
Source: C:\jac\wudsn\Workspace\mis_Trabajos\display-list\display.asm
     1 					org $2000
     2 				DISPLAY.DLI
     3 FFFF> 2000-2035> 70 70 + 	.BYTE $70,$70,$70	;OTORGAMOS 3 ESPACIOS DE
     4 								;ARRIBA HACIA ABAJO
     5 2003 46				.BYTE $46		;OTORGAMOS PRIMER LINEA
     6 								;EN MODO GRAFICO 6
     7 2004 22 20			.WORD LINEA01		;CARGAMOS LINEA01 PARA MOSTRAR
     8 2006 41				.BYTE $41		;TERMINAMOS DISPLAY LIST CON 
     9 								;BYTE $41
    10 2007 00 20			.WORD DISPLAY.DLI	;CARGAMOS EL DISPLAY LIST PARA
    11 								;QUE SE ACTIVE
    12 2009			DISPLAY
    13 2009 A9 00			LDA #<DISPLAY.DLI
    14 200B 8D 30 02			STA $230
    15 200E A9 20			LDA #>DISPLAY.DLI
    16 2010 8D 31 02			STA $231
    17 2013 60				RTS		;OTROGAMOS EL REGRESO
    18 							;DE DONDE SE LLAMO
    19 2014			INICIO
    20 2014 A9 50			LDA #80		;CARGAMOS EN EL ACUMULADOR
    21 							;EL VALOR DE 80 COLOR MORADO
    22 2016 8D C6 02			STA 710		;INSERTAMOS EL VALOR 80 EN LA
    23 							;POSICION DE MEMORIA 710 $2C6
    24 							;PARA COLOR DE FONDO PANTALLA
    25 2019 8D C8 02			STA 712		;INSERTAMOS EL VALOR 80 EN LA
    26 							;POSICION DE MEMORIA 712 $2C8
    27 							;PARA CAMBIAR COLOR DE BORDE
    28 201C 20 09 20			JSR DISPLAY	;LLAMAMOS A LA FUNCION DISPLAY
    29 							;PARA CREAR EL DISPLAY LIST EN
    30 							;PANTALLA DE UNA SOLA LINEA DE
    31 							;20 CARACTERES DE ANCHO
    32 201F			LOOP			;ESTIQUETA LOOP
    33 201F 4C 1F 20			JMP LOOP	;GENERAMOS UN LOOP INFINITO
    34 2022			LINEA01
    35 2022 00 00 00 00 00 28 + 	.BYTE "     HOLA MUNDO     "
    36 02E0-02E1> 14 20			RUN INICIO	;INICIAMOS EL PROGRAMA DESDE
    37 							;INICIO
